exports[`TableList renders 1`] = `
<div
  className="table-responsive">
  <table
    className="table table-bordered">
    <thead>
      <tr>
        <th>
          <Icon
            name="camera" />
        </th>
        <th>
          نام
        </th>
        <th>
          تعداد و قیمت
        </th>
        <th>
          <Icon
            name="edit" />
        </th>
      </tr>
    </thead>
    <tbody />
  </table>
</div>
`;
