exports[`Cart renders CartEmpty when items are null 1`] = `
<div>
  <h1
    className="text-center py-3 my-3">
    سبد خرید
  </h1>
  <div
    className="container text-muted text-center p-3">
    <div>
      محصولی در سبد موجود نمیباشد.
    </div>
    <a
      onClick={[Function]}
      style={Object {}}>
      بازگشت
    </a>
  </div>
</div>
`;

exports[`Cart renders items when it has items 1`] = `
<div>
  <h1
    className="text-center py-3 my-3">
    سبد خرید
  </h1>
  <div
    className="container">
    <div
      className="table-responsive">
      <table
        className="table table-bordered">
        <thead>
          <tr>
            <th>
              <span
                className="fa fa-fw fa-camera" />
            </th>
            <th>
              نام
            </th>
            <th>
              تعداد و قیمت
            </th>
            <th>
              <span
                className="fa fa-fw fa-edit" />
            </th>
          </tr>
        </thead>
        <tbody>
          <tr>
            <td
              className="hzPrvk">
              <img
                className="img-thumbnail"
                role="presentation"
                src="/images/50/undefined.jpg"
                width="60" />
            </td>
            <td
              className="hzPrvk" />
            <td
              className="hzPrvk">
              <div
                className="d-flex">
                <div
                  className="hXDtaZ">
                  1
                </div>
                <div>
                  2,000
                  <small
                    className="hGgYvU">
                    تومان
                  </small>
                </div>
              </div>
              <div>
                2,000
                <small
                  className="hGgYvU">
                  تومان
                </small>
              </div>
            </td>
            <td
              className="text-center hzPrvk"
              onClick={[Function]}>
              <span
                className="fa fa-fw fa-times" />
            </td>
          </tr>
        </tbody>
      </table>
    </div>
    <table
      className="table table-bordered">
      <tbody>
        <tr>
          <th
            width="120">
            مجموع
          </th>
          <td>
            <div>
              2,000
              <small
                className="hGgYvU">
                تومان
              </small>
            </div>
          </td>
        </tr>
      </tbody>
    </table>
    <form
      onSubmit={[Function]}>
      <div
        className="form-group">
        <label
          htmlFor="fullname">
          نام کامل:
        </label>
        <input
          className="form-control"
          id="fullname"
          name="fullname"
          required={true}
          type="text" />
      </div>
      <div
        className="form-group">
        <label
          htmlFor="tel">
          شماره تلفن:
        </label>
        <input
          className="form-control"
          id="tel"
          name="tel"
          required={true}
          type="number" />
      </div>
      <div
        className="form-group">
        <label
          htmlFor="address">
          آدرس:
        </label>
        <textarea
          className="form-control"
          id="address"
          name="address"
          required={true}
          rows="3" />
      </div>
      <div
        className="text-left">
        <button
          className="btn-lg ejLGtq"
          disabled={false}>
          <span
            className="fa fa-fw fa-check" />
          <span
            className="mx-2">
            ثبت سفارش
          </span>
        </button>
      </div>
    </form>
  </div>
</div>
`;
